// Jest Snapshot v1, https://goo.gl/fbAQLP

exports[`ProfileHistory should render the ProfileHistory Component correctly 1`] = `
<Fragment>
  Profile history
</Fragment>
`;
